Expected output are a bunch of Ms. Excel xlsx spreadsheets to be input in Quzziz!
